适用于 .NET Framework MSBuild 版本 17.14.19+164abd434

  Checking File Globs
  Logger.cpp
  FileSystem.cpp
  PathUtils.cpp
  InputManager.cpp
  Window.cpp
D:\TechArt\Vulkan\engine\platform\src\Logger.cpp(1,1): error C2220: 以下警告被视为错误 [D:\TechArt\Vulkan\cmake-build-debug-visual-studio\VulkanEnginePlatform.vcxproj]
D:\TechArt\Vulkan\engine\platform\src\input\InputManager.cpp(1,10): error C2220: 以下警告被视为错误 [D:\TechArt\Vulkan\cmake-build-debug-visual-studio\VulkanEnginePlatform.vcxproj]
D:\TechArt\Vulkan\engine\platform\src\windowing\Window.cpp(1,10): error C2220: 以下警告被视为错误 [D:\TechArt\Vulkan\cmake-build-debug-visual-studio\VulkanEnginePlatform.vcxproj]
D:\TechArt\Vulkan\engine\platform\src\filesystem\FileSystem.cpp(1,10): error C2220: 以下警告被视为错误 [D:\TechArt\Vulkan\cmake-build-debug-visual-studio\VulkanEnginePlatform.vcxproj]
D:\TechArt\Vulkan\engine\platform\src\filesystem\PathUtils.cpp(1,10): error C2220: 以下警告被视为错误 [D:\TechArt\Vulkan\cmake-build-debug-visual-studio\VulkanEnginePlatform.vcxproj]
D:\TechArt\Vulkan\engine\platform\src\Logger.cpp(1,1): warning C4828: 文件包含在偏移 0x2a4 处开始的字符，该字符在当前源字符集中无效(代码页 65001)。 [D:\TechArt\Vulkan\cmake-build-debug-visual-studio\VulkanEnginePlatform.vcxproj]
D:\TechArt\Vulkan\engine\platform\src\input\InputManager.cpp(1,10): warning C4067: 预处理器指令后有意外标记 - 应输入换行符 [D:\TechArt\Vulkan\cmake-build-debug-visual-studio\VulkanEnginePlatform.vcxproj]
D:\TechArt\Vulkan\engine\platform\src\windowing\Window.cpp(1,10): warning C4067: 预处理器指令后有意外标记 - 应输入换行符 [D:\TechArt\Vulkan\cmake-build-debug-visual-studio\VulkanEnginePlatform.vcxproj]
D:\TechArt\Vulkan\engine\platform\src\filesystem\FileSystem.cpp(1,10): warning C4067: 预处理器指令后有意外标记 - 应输入换行符 [D:\TechArt\Vulkan\cmake-build-debug-visual-studio\VulkanEnginePlatform.vcxproj]
D:\TechArt\Vulkan\engine\platform\src\filesystem\PathUtils.cpp(1,10): warning C4067: 预处理器指令后有意外标记 - 应输入换行符 [D:\TechArt\Vulkan\cmake-build-debug-visual-studio\VulkanEnginePlatform.vcxproj]
D:\TechArt\Vulkan\engine\platform\src\Logger.cpp(1,1): warning C4828: 文件包含在偏移 0x5a8 处开始的字符，该字符在当前源字符集中无效(代码页 65001)。 [D:\TechArt\Vulkan\cmake-build-debug-visual-studio\VulkanEnginePlatform.vcxproj]
D:\TechArt\Vulkan\engine\platform\src\Logger.cpp(1,1): warning C4828: 文件包含在偏移 0x7d9 处开始的字符，该字符在当前源字符集中无效(代码页 65001)。 [D:\TechArt\Vulkan\cmake-build-debug-visual-studio\VulkanEnginePlatform.vcxproj]
D:\TechArt\Vulkan\engine\platform\include\engine\platform\input\InputManager.hpp(1,13): error C2014: 预处理器命令必须作为第一个非空白空间启动 [D:\TechArt\Vulkan\cmake-build-debug-visual-studio\VulkanEnginePlatform.vcxproj]
  (编译源文件“../engine/platform/src/input/InputManager.cpp”)
  
D:\TechArt\Vulkan\engine\platform\include\engine\platform\filesystem\PathUtils.hpp(1,13): error C2014: 预处理器命令必须作为第一个非空白空间启动 [D:\TechArt\Vulkan\cmake-build-debug-visual-studio\VulkanEnginePlatform.vcxproj]
  (编译源文件“../engine/platform/src/filesystem/PathUtils.cpp”)
  
D:\TechArt\Vulkan\engine\platform\include\engine\platform\filesystem\FileSystem.hpp(1,13): error C2014: 预处理器命令必须作为第一个非空白空间启动 [D:\TechArt\Vulkan\cmake-build-debug-visual-studio\VulkanEnginePlatform.vcxproj]
  (编译源文件“../engine/platform/src/filesystem/FileSystem.cpp”)
  
D:\TechArt\Vulkan\engine\platform\include\engine\platform\windowing\Window.hpp(1,13): error C2014: 预处理器命令必须作为第一个非空白空间启动 [D:\TechArt\Vulkan\cmake-build-debug-visual-studio\VulkanEnginePlatform.vcxproj]
  (编译源文件“../engine/platform/src/windowing/Window.cpp”)
  
D:\TechArt\Vulkan\engine\platform\src\Logger.cpp(1,1): warning C4828: 文件包含在偏移 0xa57 处开始的字符，该字符在当前源字符集中无效(代码页 65001)。 [D:\TechArt\Vulkan\cmake-build-debug-visual-studio\VulkanEnginePlatform.vcxproj]
D:\TechArt\Vulkan\engine\platform\src\Logger.cpp(1,1): warning C4828: 文件包含在偏移 0xb6e 处开始的字符，该字符在当前源字符集中无效(代码页 65001)。 [D:\TechArt\Vulkan\cmake-build-debug-visual-studio\VulkanEnginePlatform.vcxproj]
D:\TechArt\Vulkan\engine\platform\src\Logger.cpp(1,1): warning C4828: 文件包含在偏移 0xbd0 处开始的字符，该字符在当前源字符集中无效(代码页 65001)。 [D:\TechArt\Vulkan\cmake-build-debug-visual-studio\VulkanEnginePlatform.vcxproj]
D:\TechArt\Vulkan\engine\platform\src\Logger.cpp(1,1): warning C4828: 文件包含在偏移 0xd16 处开始的字符，该字符在当前源字符集中无效(代码页 65001)。 [D:\TechArt\Vulkan\cmake-build-debug-visual-studio\VulkanEnginePlatform.vcxproj]
D:\TechArt\Vulkan\engine\platform\src\Logger.cpp(1,1): warning C4828: 文件包含在偏移 0x16d0 处开始的字符，该字符在当前源字符集中无效(代码页 65001)。 [D:\TechArt\Vulkan\cmake-build-debug-visual-studio\VulkanEnginePlatform.vcxproj]
D:\TechArt\Vulkan\engine\platform\src\Logger.cpp(1,1): warning C4828: 文件包含在偏移 0x1879 处开始的字符，该字符在当前源字符集中无效(代码页 65001)。 [D:\TechArt\Vulkan\cmake-build-debug-visual-studio\VulkanEnginePlatform.vcxproj]
D:\TechArt\Vulkan\engine\platform\src\Logger.cpp(1,1): warning C4828: 文件包含在偏移 0x1958 处开始的字符，该字符在当前源字符集中无效(代码页 65001)。 [D:\TechArt\Vulkan\cmake-build-debug-visual-studio\VulkanEnginePlatform.vcxproj]
D:\TechArt\Vulkan\engine\platform\src\Logger.cpp(1,1): warning C4828: 文件包含在偏移 0x1b08 处开始的字符，该字符在当前源字符集中无效(代码页 65001)。 [D:\TechArt\Vulkan\cmake-build-debug-visual-studio\VulkanEnginePlatform.vcxproj]
D:\TechArt\Vulkan\engine\platform\src\Logger.cpp(1,1): warning C4828: 文件包含在偏移 0x2034 处开始的字符，该字符在当前源字符集中无效(代码页 65001)。 [D:\TechArt\Vulkan\cmake-build-debug-visual-studio\VulkanEnginePlatform.vcxproj]
D:\TechArt\Vulkan\engine\platform\src\Logger.cpp(1,1): warning C4828: 文件包含在偏移 0x2150 处开始的字符，该字符在当前源字符集中无效(代码页 65001)。 [D:\TechArt\Vulkan\cmake-build-debug-visual-studio\VulkanEnginePlatform.vcxproj]
D:\TechArt\Vulkan\engine\platform\src\Logger.cpp(1,1): warning C4828: 文件包含在偏移 0x2754 处开始的字符，该字符在当前源字符集中无效(代码页 65001)。 [D:\TechArt\Vulkan\cmake-build-debug-visual-studio\VulkanEnginePlatform.vcxproj]
D:\TechArt\Vulkan\engine\platform\src\Logger.cpp(1,1): warning C4828: 文件包含在偏移 0x29a3 处开始的字符，该字符在当前源字符集中无效(代码页 65001)。 [D:\TechArt\Vulkan\cmake-build-debug-visual-studio\VulkanEnginePlatform.vcxproj]
D:\TechArt\Vulkan\engine\platform\src\Logger.cpp(1,1): warning C4828: 文件包含在偏移 0x33e5 处开始的字符，该字符在当前源字符集中无效(代码页 65001)。 [D:\TechArt\Vulkan\cmake-build-debug-visual-studio\VulkanEnginePlatform.vcxproj]
D:\TechArt\Vulkan\engine\platform\src\Logger.cpp(1,10): warning C4067: 预处理器指令后有意外标记 - 应输入换行符 [D:\TechArt\Vulkan\cmake-build-debug-visual-studio\VulkanEnginePlatform.vcxproj]
D:\TechArt\Vulkan\engine\core\include\engine\core\utils\Logger.hpp(1,1): warning C4828: 文件包含在偏移 0x3cd 处开始的字符，该字符在当前源字符集中无效(代码页 65001)。 [D:\TechArt\Vulkan\cmake-build-debug-visual-studio\VulkanEnginePlatform.vcxproj]
  (编译源文件“../engine/platform/src/Logger.cpp”)
  
D:\TechArt\Vulkan\engine\core\include\engine\core\utils\Logger.hpp(1,1): warning C4828: 文件包含在偏移 0x46a 处开始的字符，该字符在当前源字符集中无效(代码页 65001)。 [D:\TechArt\Vulkan\cmake-build-debug-visual-studio\VulkanEnginePlatform.vcxproj]
  (编译源文件“../engine/platform/src/Logger.cpp”)
  
D:\TechArt\Vulkan\engine\core\include\engine\core\utils\Logger.hpp(1,1): warning C4828: 文件包含在偏移 0x4ab 处开始的字符，该字符在当前源字符集中无效(代码页 65001)。 [D:\TechArt\Vulkan\cmake-build-debug-visual-studio\VulkanEnginePlatform.vcxproj]
  (编译源文件“../engine/platform/src/Logger.cpp”)
  
D:\TechArt\Vulkan\engine\core\include\engine\core\utils\Logger.hpp(1,1): warning C4828: 文件包含在偏移 0x51f 处开始的字符，该字符在当前源字符集中无效(代码页 65001)。 [D:\TechArt\Vulkan\cmake-build-debug-visual-studio\VulkanEnginePlatform.vcxproj]
  (编译源文件“../engine/platform/src/Logger.cpp”)
  
D:\TechArt\Vulkan\engine\core\include\engine\core\utils\Logger.hpp(1,1): warning C4828: 文件包含在偏移 0x5dc 处开始的字符，该字符在当前源字符集中无效(代码页 65001)。 [D:\TechArt\Vulkan\cmake-build-debug-visual-studio\VulkanEnginePlatform.vcxproj]
  (编译源文件“../engine/platform/src/Logger.cpp”)
  
D:\TechArt\Vulkan\engine\core\include\engine\core\utils\Logger.hpp(1,1): warning C4828: 文件包含在偏移 0x696 处开始的字符，该字符在当前源字符集中无效(代码页 65001)。 [D:\TechArt\Vulkan\cmake-build-debug-visual-studio\VulkanEnginePlatform.vcxproj]
  (编译源文件“../engine/platform/src/Logger.cpp”)
  
D:\TechArt\Vulkan\engine\core\include\engine\core\utils\Logger.hpp(1,1): warning C4828: 文件包含在偏移 0x6e5 处开始的字符，该字符在当前源字符集中无效(代码页 65001)。 [D:\TechArt\Vulkan\cmake-build-debug-visual-studio\VulkanEnginePlatform.vcxproj]
  (编译源文件“../engine/platform/src/Logger.cpp”)
  
D:\TechArt\Vulkan\engine\core\include\engine\core\utils\Logger.hpp(1,1): warning C4828: 文件包含在偏移 0x967 处开始的字符，该字符在当前源字符集中无效(代码页 65001)。 [D:\TechArt\Vulkan\cmake-build-debug-visual-studio\VulkanEnginePlatform.vcxproj]
  (编译源文件“../engine/platform/src/Logger.cpp”)
  
D:\TechArt\Vulkan\engine\core\include\engine\core\utils\Logger.hpp(1,1): warning C4828: 文件包含在偏移 0x9aa 处开始的字符，该字符在当前源字符集中无效(代码页 65001)。 [D:\TechArt\Vulkan\cmake-build-debug-visual-studio\VulkanEnginePlatform.vcxproj]
  (编译源文件“../engine/platform/src/Logger.cpp”)
  
D:\TechArt\Vulkan\engine\core\include\engine\core\utils\Logger.hpp(1,1): warning C4828: 文件包含在偏移 0x9ff 处开始的字符，该字符在当前源字符集中无效(代码页 65001)。 [D:\TechArt\Vulkan\cmake-build-debug-visual-studio\VulkanEnginePlatform.vcxproj]
  (编译源文件“../engine/platform/src/Logger.cpp”)
  
D:\TechArt\Vulkan\engine\core\include\engine\core\utils\Logger.hpp(1,1): warning C4828: 文件包含在偏移 0xa8d 处开始的字符，该字符在当前源字符集中无效(代码页 65001)。 [D:\TechArt\Vulkan\cmake-build-debug-visual-studio\VulkanEnginePlatform.vcxproj]
  (编译源文件“../engine/platform/src/Logger.cpp”)
  
D:\TechArt\Vulkan\engine\core\include\engine\core\utils\Logger.hpp(1,1): warning C4828: 文件包含在偏移 0xef8 处开始的字符，该字符在当前源字符集中无效(代码页 65001)。 [D:\TechArt\Vulkan\cmake-build-debug-visual-studio\VulkanEnginePlatform.vcxproj]
  (编译源文件“../engine/platform/src/Logger.cpp”)
  
D:\TechArt\Vulkan\engine\core\include\engine\core\utils\Logger.hpp(1,13): error C2014: 预处理器命令必须作为第一个非空白空间启动 [D:\TechArt\Vulkan\cmake-build-debug-visual-studio\VulkanEnginePlatform.vcxproj]
  (编译源文件“../engine/platform/src/Logger.cpp”)
  
